// Jest Snapshot v1, https://goo.gl/fbAQLP

exports[`formatting formatCss() formats more complex CSS 1`] = `
"div {
  some-prop: value;
  whatever: 42px;
}

.class {
}
#id {
  prop: val;
}"
`;

exports[`formatting formatObject() formats a complex object 1`] = `
"{
  someProp: someValue,
  couldBe: {
    nested: true,
    messedUp: true
  },
  anotherProp: \\"string\\" || \\"string\\",
  ...{ spreadProp: anyExpr ? what.ever : 1337 }
}"
`;

exports[`formatting formatProps() formats multiple props 1`] = `
"someProp={someExpr}
sneaky=\\"beaky\\"
anotherProp=\\"whatever dude\\"
anotherOne={{ x: 2 }}"
`;
